+ type gcc
+ type g++
+ : i686-linux-gnu-gcc g++
+ : x86_64-linux-gnu
+ '[' -z i686-linux-diet -a -z build/i686-linux-diet ']'
+ : /opt/diet
+ : /lib
+ '[' -d /lib/i686-linux-diet ']'
+ '[' -e '' ']'
+ : build/i686-linux-diet
+ case "$host" in
+ test -n build/i686-linux-diet
++ echo build/i686-linux-diet
++ sed -u 's|-pc-|-|g'
+ builddir=build/i686-linux-diet
+ case $(uname -o) in
++ uname -o
+ SYSTEM=Unix
+ case "$STATIC:$TYPE" in
+ '[' -n /opt/diet/lib-i386/pkgconfig ']'
+ echo PKG_CONFIG_PATH=/opt/diet/lib-i386/pkgconfig
PKG_CONFIG_PATH=/opt/diet/lib-i386/pkgconfig
+ '[' -n /usr/bin/pkgconf ']'
+ case "$PKG_CONFIG" in
+ : 'CodeLite - Unix Makefiles'
+ mkdir -p build/i686-linux-diet
++ realpath --relative-to build/i686-linux-diet .
+ : ../..
+ : set -x
+ cd build/i686-linux-diet
+ IFS='
	 '
+ set -- -Wno-dev -G 'CodeLite - Unix Makefiles' -DCMAKE_INSTALL_PREFIX=/opt/diet -DCMAKE_VERBOSE_MAKEFILE=1 -DCMAKE_EXPORT_COMPILE_COMMANDS=ON -DCMAKE_BUILD_TYPE=Debug -DBUILD_SHARED_LIBS=ON -DCMAKE_C_COMPILER=i686-linux-gnu-gcc -DCMAKE_CXX_COMPILER=g++ -DPKG_CONFIG_EXECUTABLE=/usr/bin/pkgconf -DCMAKE_C_COMPILER=i686-linux-gnu-gcc -DCMAKE_CXX_COMPILER=g++ -DCMAKE_INSTALL_PREFIX=/opt/diet -DBUILD_SSL=OFF -DBUILD_SHARED_LIBS=OFF -DENABLE_SHARED=OFF -DENABLE_STATIC=ON -DSHARED_LIBS=OFF -DBUILD_SHARED_LIBS=OFF -DCMAKE_FIND_ROOT_PATH=/opt/diet -DCMAKE_SYSTEM_LIBRARY_PATH=/opt/diet/lib-i686 -DCMAKE_INSTALL_LIBDIR=lib-i686 -DINSTALL_LIB_DIR=/opt/diet/lib-i686 -DCMAKE_C_COMPILER_LAUNCHER=/usr/lib/i386-linux-gnu/diet/bin/diet -DCMAKE_C_LINKER_LAUNCHER=/usr/lib/i386-linux-gnu/diet/bin/diet -DPKG_CONFIG_EXECUTABLE=/usr/bin/pkgconf -DCMAKE_SYSTEM_LIBRARY_PATH=/opt/diet/lib-i386 ../..
+ eval 'cmake "$@"'
++ cmake -Wno-dev -G 'CodeLite - Unix Makefiles' -DCMAKE_INSTALL_PREFIX=/opt/diet -DCMAKE_VERBOSE_MAKEFILE=1 -DCMAKE_EXPORT_COMPILE_COMMANDS=ON -DCMAKE_BUILD_TYPE=Debug -DBUILD_SHARED_LIBS=ON -DCMAKE_C_COMPILER=i686-linux-gnu-gcc -DCMAKE_CXX_COMPILER=g++ -DPKG_CONFIG_EXECUTABLE=/usr/bin/pkgconf -DCMAKE_C_COMPILER=i686-linux-gnu-gcc -DCMAKE_CXX_COMPILER=g++ -DCMAKE_INSTALL_PREFIX=/opt/diet -DBUILD_SSL=OFF -DBUILD_SHARED_LIBS=OFF -DENABLE_SHARED=OFF -DENABLE_STATIC=ON -DSHARED_LIBS=OFF -DBUILD_SHARED_LIBS=OFF -DCMAKE_FIND_ROOT_PATH=/opt/diet -DCMAKE_SYSTEM_LIBRARY_PATH=/opt/diet/lib-i686 -DCMAKE_INSTALL_LIBDIR=lib-i686 -DINSTALL_LIB_DIR=/opt/diet/lib-i686 -DCMAKE_C_COMPILER_LAUNCHER=/usr/lib/i386-linux-gnu/diet/bin/diet -DCMAKE_C_LINKER_LAUNCHER=/usr/lib/i386-linux-gnu/diet/bin/diet -DPKG_CONFIG_EXECUTABLE=/usr/bin/pkgconf -DCMAKE_SYSTEM_LIBRARY_PATH=/opt/diet/lib-i386 ../..
-- The C compiler identification is GNU 13.3.0
-- Detecting C compiler ABI info
-- Detecting C compiler ABI info - done
-- Check for working C compiler: /usr/bin/i686-linux-gnu-gcc - skipped
-- Detecting C compile features
-- Detecting C compile features - done
-- Looking for sys_siglist
-- Looking for sys_siglist - not found
-- Performing Test WARN_ALL
-- Performing Test WARN_ALL - Success
-- Performing Test WARN_NO_UNUSED_VARIABLE
-- Performing Test WARN_NO_UNUSED_VARIABLE - Success
-- Performing Test WARN_NO_UNUSED_FUNCTION
-- Performing Test WARN_NO_UNUSED_FUNCTION - Success
-- Performing Test HAVE___inline__
-- Performing Test HAVE___inline__ - Success
-- inline keyword: __inline__
-- Looking for buffer_init in owfat_debug
-- Looking for buffer_init in owfat_debug - not found
-- Looking for alloca.h
-- Looking for alloca.h - found
-- Looking for stdint.h
-- Looking for stdint.h - found
-- Looking for inttypes.h
-- Looking for inttypes.h - found
-- Looking for sys/types.h
-- Looking for sys/types.h - found
-- Checking for pointer size
-- Checking for pointer size - 32bit
-- Looking for alloca
-- Looking for alloca - found
-- Trying to compile try-have-alloca-alloca-h.c ... 
-- fail: /home/roman/Projects/shish/build/i686-linux-diet/compile-have-alloca-alloca-h.log
-- Looking for sys/wait.h
-- Looking for sys/wait.h - found
-- Looking for unistd.h
-- Looking for unistd.h - found
-- Looking for sethostname
-- Looking for sethostname - found
-- Looking for readlink
-- Looking for readlink - found
-- Looking for fcntl.h
-- Looking for fcntl.h - found
-- Looking for fcntl
-- Looking for fcntl - found
-- Looking for sys/stat.h
-- Looking for sys/stat.h - found
-- Looking for lstat
-- Looking for lstat - found
-- Looking for symlink
-- Looking for symlink - found
-- Looking for link
-- Looking for link - found
-- Looking for signal.h
-- Looking for signal.h - found
-- Looking for sigprocmask
-- Looking for sigprocmask - found
-- Looking for sigaction
-- Looking for sigaction - found
-- Looking for setpgid
-- Looking for setpgid - found
-- Looking for sys/utsname.h
-- Looking for sys/utsname.h - found
-- Looking for glob.h
-- Looking for glob.h - found
-- Looking for glob
-- Looking for glob - found
-- Looking for sys_siglist
-- Looking for sys_siglist - not found
-- Compiler flag -O0 ... supported
-- Compiler flag -ggdb ... supported
-- Looking for pow in m
-- Looking for pow in m - found
-- Performing Test OPT_C_OPT_NONE
-- Performing Test OPT_C_OPT_NONE - Success
-- Performing Test OPT_C_G_GDB
-- Performing Test OPT_C_G_GDB - Success
-- Looking for malloc in efence
-- Looking for malloc in efence - not found
-- Performing Test F_LTO
-- Performing Test F_LTO - Success


Variable dump of: BUILTINS_ENABLED

	BUILTINS_ENABLED = alias
break
cd
command
echo
eval
exec
exit
export
expr
false
fdtable
getopts
hash
help
history
jobs
kill
local
printf
pwd
read
readonly
return
set
shift
source
test
trap
true
type
umask
unset
wait




Variable dump of: BUILTIN_FLAGS

	BUILTIN_FLAGS =  -DBUILTIN_ALIAS=1 -DBUILTIN_BREAK=1 -DBUILTIN_CD=1 -DBUILTIN_COMMAND=1 -DBUILTIN_ECHO=1 -DBUILTIN_EVAL=1 -DBUILTIN_EXEC=1 -DBUILTIN_EXIT=1 -DBUILTIN_EXPORT=1 -DBUILTIN_EXPR=1 -DBUILTIN_FALSE=1 -DBUILTIN_FDTABLE=1 -DBUILTIN_GETOPTS=1 -DBUILTIN_HASH=1 -DBUILTIN_HELP=1 -DBUILTIN_HISTORY=1 -DBUILTIN_JOBS=1 -DBUILTIN_KILL=1 -DBUILTIN_LOCAL=1 -DBUILTIN_PRINTF=1 -DBUILTIN_PWD=1 -DBUILTIN_READ=1 -DBUILTIN_READONLY=1 -DBUILTIN_RETURN=1 -DBUILTIN_SET=1 -DBUILTIN_SHIFT=1 -DBUILTIN_SOURCE=1 -DBUILTIN_TEST=1 -DBUILTIN_TRAP=1 -DBUILTIN_TRUE=1 -DBUILTIN_TYPE=1 -DBUILTIN_UMASK=1 -DBUILTIN_UNSET=1 -DBUILTIN_WAIT=1


-- Enabled builtins: 
--   alias break cd command echo eval exec exit export expr false fdtable getopts
--   hash help history jobs kill local printf pwd read readonly return set shift
--   source test trap true type umask unset wait
-- Disabled builtins: basename cat chmod dirname dump hostname ln mkdir mktemp rm rmdir uname which
-- Looking for sigismember
-- Looking for sigismember - found
-- Looking for signal
-- Looking for signal - found
-- Looking for sigsuspend
-- Looking for sigsuspend - found
-- Looking for termios.h
-- Looking for termios.h - found
-- Looking for sys/ioctl.h
-- Looking for sys/ioctl.h - found
-- Trying to compile try-have-winsize.c ... 
-- ok
SHISH_PATH: /home/roman/Projects/shish/build/i686-linux-diet/shish
TESTS: tests/bourne-compat.sh;tests/bquote.sh;tests/builtin-basename.sh;tests/builtin-expr.sh;tests/builtin-hash.sh;tests/builtin-kill.sh;tests/builtin-local.sh;tests/builtin-mkdir.sh;tests/builtin-read.sh;tests/builtin-rm.sh;tests/builtin-rmdir.sh;tests/builtin-test.sh;tests/builtin-trap.sh;tests/cmd-subst.sh;tests/debug.sh;tests/expand-brace.sh;tests/expand-tilde.sh;tests/fixed.sh;tests/functions.sh;tests/here-doc.sh;tests/if.sh;tests/loop-while.sh;tests/param.sh
-- Configuring done (3.0s)
-- Generating done (0.1s)
CMake Warning:
  Manually-specified variables were not used by the project:

    BUILD_SSL
    CMAKE_INSTALL_LIBDIR
    ENABLE_STATIC
    INSTALL_LIB_DIR
    SHARED_LIBS


-- Build files have been written to: /home/roman/Projects/shish/build/i686-linux-diet
