-- inline keyword: __inline__
-- Checking for pointer size
-- Checking for pointer size - 32bit


Variable dump of: BUILTINS_ENABLED

	BUILTINS_ENABLED = alias
break
cd
command
echo
eval
exec
exit
export
expr
false
fdtable
getopts
hash
help
history
jobs
kill
local
printf
pwd
read
readonly
return
set
shift
source
test
trap
true
type
umask
unset
wait




Variable dump of: BUILTIN_FLAGS

	BUILTIN_FLAGS =  -DBUILTIN_ALIAS=1 -DBUILTIN_BREAK=1 -DBUILTIN_CD=1 -DBUILTIN_COMMAND=1 -DBUILTIN_ECHO=1 -DBUILTIN_EVAL=1 -DBUILTIN_EXEC=1 -DBUILTIN_EXIT=1 -DBUILTIN_EXPORT=1 -DBUILTIN_EXPR=1 -DBUILTIN_FALSE=1 -DBUILTIN_FDTABLE=1 -DBUILTIN_GETOPTS=1 -DBUILTIN_HASH=1 -DBUILTIN_HELP=1 -DBUILTIN_HISTORY=1 -DBUILTIN_JOBS=1 -DBUILTIN_KILL=1 -DBUILTIN_LOCAL=1 -DBUILTIN_PRINTF=1 -DBUILTIN_PWD=1 -DBUILTIN_READ=1 -DBUILTIN_READONLY=1 -DBUILTIN_RETURN=1 -DBUILTIN_SET=1 -DBUILTIN_SHIFT=1 -DBUILTIN_SOURCE=1 -DBUILTIN_TEST=1 -DBUILTIN_TRAP=1 -DBUILTIN_TRUE=1 -DBUILTIN_TYPE=1 -DBUILTIN_UMASK=1 -DBUILTIN_UNSET=1 -DBUILTIN_WAIT=1


-- Enabled builtins: 
--   alias break cd command echo eval exec exit export expr false fdtable getopts
--   hash help history jobs kill local printf pwd read readonly return set shift
--   source test trap true type umask unset wait
-- Disabled builtins: basename cat chmod dirname dump hostname ln mkdir mktemp rm rmdir uname which
SHISH_PATH: /home/roman/Projects/shish/build/i686-linux-gnu/shish
TESTS: tests/bourne-compat.sh;tests/bquote.sh;tests/builtin-basename.sh;tests/builtin-expr.sh;tests/builtin-hash.sh;tests/builtin-kill.sh;tests/builtin-local.sh;tests/builtin-mkdir.sh;tests/builtin-read.sh;tests/builtin-rm.sh;tests/builtin-rmdir.sh;tests/builtin-test.sh;tests/builtin-trap.sh;tests/cmd-subst.sh;tests/debug.sh;tests/expand-brace.sh;tests/expand-tilde.sh;tests/fixed.sh;tests/functions.sh;tests/here-doc.sh;tests/if.sh;tests/loop-while.sh;tests/param.sh
-- Configuring done (0.1s)
-- Generating done (0.4s)
CMake Warning:
  Manually-specified variables were not used by the project:

    CMAKE_ARCH_LIBDIR


-- Build files have been written to: /home/roman/Projects/shish/build/i686-linux-gnu
